// Jest Snapshot v1, https://goo.gl/fbAQLP

exports[`Header snapshot renders 1`] = `
<div
  className="container Header__container"
>
  <h1>
    Pok√©base
  </h1>
</div>
`;
